[www.vasterad.com/themes/astrum/index.html]
[backblue.gif]
[fade.gif]
[index.html]
[www.vasterad.com/themes/astrum/css/style.css]
[www.vasterad.com/themes/astrum/css/colors/green.css]
[www.vasterad.com/themes/astrum/scripts/jquery.themepunch.showbizpro.min.js]
[www.vasterad.com/themes/astrum/scripts/jquery.themepunch.plugins.min.js]
[www.vasterad.com/themes/astrum/scripts/jquery.easing.min.js]
[www.vasterad.com/themes/astrum/scripts/jquery.min.js]
[www.vasterad.com/themes/astrum/scripts/jquery.themepunch.revolution.min.js]
[www.vasterad.com/themes/astrum/scripts/jquery.tooltips.min.js]
[www.vasterad.com/themes/astrum/scripts/jquery.magnific-popup.min.js]
[www.vasterad.com/themes/astrum/scripts/jquery.superfish.js]
[www.vasterad.com/themes/astrum/scripts/jquery.twitter.js]
[www.vasterad.com/themes/astrum/scripts/jquery.flexslider.js]
[www.vasterad.com/themes/astrum/scripts/jquery.jpanelmenu.js]
[www.vasterad.com/themes/astrum/scripts/jquery.contact.js]
[www.vasterad.com/themes/astrum/scripts/jquery.isotope.min.js]
[www.vasterad.com/themes/astrum/scripts/custom.js]
[www.vasterad.com/themes/astrum/index-2.html]
[www.vasterad.com/themes/astrum/images/logo.png]
[www.vasterad.com/themes/astrum/elements.html]
[www.vasterad.com/themes/astrum/typography.html]
[www.vasterad.com/themes/astrum/pricing-tables.html]
[www.vasterad.com/themes/astrum/icons.html]
[www.vasterad.com/themes/astrum/about.html]
[www.vasterad.com/themes/astrum/services.html]
[www.vasterad.com/themes/astrum/faq.html]
[www.vasterad.com/themes/astrum/sidebar-right.html]
[www.vasterad.com/themes/astrum/sidebar-left.html]
[www.vasterad.com/themes/astrum/404-page.html]
[www.vasterad.com/themes/astrum/portfolio-3-columns.html]
[www.vasterad.com/themes/astrum/portfolio-4-columns.html]
[www.vasterad.com/themes/astrum/single-project-half.html]
[www.vasterad.com/themes/astrum/single-project-wide.html]
[www.vasterad.com/themes/astrum/blog-large-image.html]
[www.vasterad.com/themes/astrum/blog-medium-image.html]
[www.vasterad.com/themes/astrum/blog-post.html]
[www.vasterad.com/themes/astrum/contact.html]
[www.vasterad.com/themes/astrum/images/slider-02.jpg]
[www.vasterad.com/themes/astrum/images/slider-07.png]
[www.vasterad.com/themes/astrum/images/slider-08.png]
[www.vasterad.com/themes/astrum/images/slider-01.png]
[www.vasterad.com/themes/astrum/images/slider-09.png]
[www.vasterad.com/themes/astrum/images/slider-10.png]
[www.vasterad.com/themes/astrum/images/slider-03.png]
[www.vasterad.com/themes/astrum/images/slider-04.png]
[www.vasterad.com/themes/astrum/images/slider-05.png]
[www.vasterad.com/themes/astrum/images/slider-06.png]
[www.vasterad.com/themes/astrum/images/portfolio/portfolio-01a.jpg]
[www.vasterad.com/themes/astrum/images/portfolio/portfolio-01.jpg]
[www.vasterad.com/themes/astrum/images/portfolio/portfolio-02a.jpg]
[www.vasterad.com/themes/astrum/images/portfolio/portfolio-02.jpg]
[www.vasterad.com/themes/astrum/images/portfolio/portfolio-03.jpg]
[www.vasterad.com/themes/astrum/images/portfolio/portfolio-04.jpg]
[www.vasterad.com/themes/astrum/images/portfolio/portfolio-05a.jpg]
[www.vasterad.com/themes/astrum/images/portfolio/portfolio-05.jpg]
[www.vasterad.com/themes/astrum/images/portfolio/portfolio-06.jpg]
[www.vasterad.com/themes/astrum/images/portfolio/portfolio-07.jpg]
[www.vasterad.com/themes/astrum/images/portfolio/portfolio-08a.jpg]
[www.vasterad.com/themes/astrum/images/portfolio/portfolio-08.jpg]
[www.vasterad.com/themes/astrum/images/logo-01.png]
[www.vasterad.com/themes/astrum/images/logo-02.png]
[www.vasterad.com/themes/astrum/images/logo-03.png]
[www.vasterad.com/themes/astrum/images/logo-04.png]
[www.vasterad.com/themes/astrum/images/logo-05.png]
[www.vasterad.com/themes/astrum/images/logo-06.png]
[www.vasterad.com/themes/astrum/images/logo-07.png]
[www.vasterad.com/themes/astrum/twitterc461.html]
[www.vasterad.com/themes/astrum/css/switcher.css]
[www.vasterad.com/cdn-cgi/scripts/5c5dd728/cloudflare-static/email-decode.min.js]
[www.vasterad.com/themes/astrum/index.html]
[www.vasterad.com/themes/astrum/scripts/switcher.js]
[www.vasterad.com/themes/astrum/css/base.css]
[www.vasterad.com/themes/astrum/css/responsive.css]
[www.vasterad.com/themes/astrum/css/icons.css]
[www.vasterad.com/themes/astrum/images/search-icon.png]
[www.vasterad.com/themes/astrum/images/mfp-close.png]
[www.vasterad.com/themes/astrum/images/mfp-left.png]
[www.vasterad.com/themes/astrum/images/mfp-right.png]
[www.vasterad.com/themes/astrum/images/loader.gif]
[www.vasterad.com/themes/astrum/images/slider-left-arrow.png]
[www.vasterad.com/themes/astrum/images/slider-right-arrow.png]
[www.vasterad.com/themes/astrum/assets/shadow1.png]
[www.vasterad.com/themes/astrum/assets/shadow2.png]
[www.vasterad.com/themes/astrum/assets/shadow3.png]
[www.vasterad.com/themes/astrum/images/hoverzoom.png]
[www.vasterad.com/themes/astrum/images/hoverlink.png]
[www.vasterad.com/themes/astrum/images/blog-divider.png]
[www.vasterad.com/themes/astrum/images/comment-arrow.png]
[www.vasterad.com/themes/astrum/images/alert_boxes_close_ico.png]
[www.vasterad.com/themes/astrum/images/testimonials-bg.png]
[www.vasterad.com/themes/astrum/css/style.css]
[www.vasterad.com/themes/astrum/css/colors/green.css]
[www.vasterad.com/themes/astrum/index-2.html]
[www.vasterad.com/themes/astrum/images/happy-clients-01.jpg]
[www.vasterad.com/themes/astrum/images/happy-clients-02.jpg]
[www.vasterad.com/themes/astrum/images/happy-clients-03.jpg]
[www.vasterad.com/themes/astrum/elements.html]
[www.vasterad.com/themes/astrum/typography.html]
[www.vasterad.com/themes/astrum/pricing-tables.html]
[www.vasterad.com/themes/astrum/icons.html]
[www.vasterad.com/themes/astrum/images/about-01.jpg]
[www.vasterad.com/themes/astrum/images/about-02.jpg]
[www.vasterad.com/themes/astrum/images/about-03.jpg]
[www.vasterad.com/themes/astrum/images/about-04.jpg]
[www.vasterad.com/themes/astrum/images/about-05.jpg]
[www.vasterad.com/themes/astrum/about.html]
[www.vasterad.com/themes/astrum/services.html]
[www.vasterad.com/themes/astrum/faq.html]
[www.vasterad.com/themes/astrum/sidebar-right.html]
[www.vasterad.com/themes/astrum/sidebar-left.html]
[www.vasterad.com/themes/astrum/404-page.html]
[www.vasterad.com/themes/astrum/images/portfolio/portfolio-09.jpg]
[www.vasterad.com/themes/astrum/portfolio-3-columns.html]
[www.vasterad.com/themes/astrum/images/portfolio/portfolio-10.jpg]
[www.vasterad.com/themes/astrum/images/portfolio/portfolio-11.jpg]
[www.vasterad.com/themes/astrum/images/portfolio/portfolio-12.jpg]
[www.vasterad.com/themes/astrum/portfolio-4-columns.html]
[www.vasterad.com/themes/astrum/images/single-project-02a.jpg]
[www.vasterad.com/themes/astrum/images/single-project-02.jpg]
[www.vasterad.com/themes/astrum/images/single-project-01a.jpg]
[www.vasterad.com/themes/astrum/images/single-project-01.jpg]
[www.vasterad.com/themes/astrum/single-project.html]
[www.vasterad.com/themes/astrum/single-project-half.html]
[www.vasterad.com/themes/astrum/images/single-project-03a.jpg]
[www.vasterad.com/themes/astrum/images/single-project-03.jpg]
[www.vasterad.com/themes/astrum/images/single-project-04a.jpg]
[www.vasterad.com/themes/astrum/images/single-project-04.jpg]
[www.vasterad.com/themes/astrum/single-project-wide.html]
[www.vasterad.com/themes/astrum/images/blog-01.jpg]
[www.vasterad.com/themes/astrum/images/blog-02a.jpg]
[www.vasterad.com/themes/astrum/images/blog-02.jpg]
[www.vasterad.com/themes/astrum/images/blog-03a.jpg]
[www.vasterad.com/themes/astrum/images/blog-03.jpg]
[www.vasterad.com/themes/astrum/images/blog-04.jpg]
[www.vasterad.com/themes/astrum/images/blog-widget-01.jpg]
[www.vasterad.com/themes/astrum/images/blog-widget-02.jpg]
[www.vasterad.com/themes/astrum/images/blog-widget-03.jpg]
[www.vasterad.com/themes/astrum/images/blog-widget-04.jpg]
[www.vasterad.com/themes/astrum/images/blog-widget-05.jpg]
[www.vasterad.com/themes/astrum/images/blog-widget-06.jpg]
[www.vasterad.com/themes/astrum/blog-large-image.html]
[www.vasterad.com/themes/astrum/images/blog-01b.jpg]
[www.vasterad.com/themes/astrum/images/blog-02b.jpg]
[www.vasterad.com/themes/astrum/images/blog-03b.jpg]
[www.vasterad.com/themes/astrum/images/blog-04a.jpg]
[www.vasterad.com/themes/astrum/images/blog-05.jpg]
[www.vasterad.com/themes/astrum/blog-medium-image.html]
[www.vasterad.com/themes/astrum/images/blog-01a.jpg]
[www.vasterad.com/themes/astrum/blog-post.html]
[www.vasterad.com/themes/astrum/scripts/jquery.gmaps.min.js]
[www.vasterad.com/themes/astrum/contact.html]
[www.vasterad.com/themes/astrum/twitterc461.html]
[www.vasterad.com/themes/astrum/images/switcher.png]
[www.vasterad.com/themes/astrum/images/bg/noise.png]
[www.vasterad.com/themes/astrum/images/bg/retina_dust.png]
[www.vasterad.com/themes/astrum/images/bg/brushed_alu.png]
[www.vasterad.com/themes/astrum/images/bg/crisp_paper_ruffles.png]
[www.vasterad.com/themes/astrum/images/bg/navy_blue.png]
[www.vasterad.com/themes/astrum/images/bg/bedge_grunge.png]
[www.vasterad.com/themes/astrum/images/bg/diamond_upholstery.png]
[www.vasterad.com/themes/astrum/images/bg/egg_shell.png]
[www.vasterad.com/themes/astrum/images/bg/light_toast.png]
[www.vasterad.com/themes/astrum/images/bg/noise_pattern_with_crosslines.png]
[www.vasterad.com/themes/astrum/images/bg/purty_wood.png]
[www.vasterad.com/themes/astrum/images/bg/subtle_stripes.png]
[www.vasterad.com/themes/astrum/images/bg/textured_stripes.png]
[www.vasterad.com/themes/astrum/images/bg/tileable_wood_texture.png]
[www.vasterad.com/themes/astrum/images/bg/crissXcross.png]
[www.vasterad.com/themes/astrum/images/bg/vichy.png]
[www.vasterad.com/themes/astrum/css/switcher.css]
[www.vasterad.com/themes/astrum/css/base.css]
[www.vasterad.com/themes/astrum/css/responsive.css]
[www.vasterad.com/themes/astrum/font/fontawesome-webfont3294.eot]
[www.vasterad.com/themes/astrum/font/fontawesome-webfont3294.woff]
[www.vasterad.com/themes/astrum/font/fontawesome-webfontd41d.eot]
[www.vasterad.com/themes/astrum/font/fontawesome-webfont3294.ttf]
[www.vasterad.com/themes/astrum/font/fontello0bee.eot]
[www.vasterad.com/themes/astrum/font/fontello0bee.woff]
[www.vasterad.com/themes/astrum/font/fontello0bee.ttf]
[www.vasterad.com/themes/astrum/css/icons.css]
[www.vasterad.com/themes/astrum/assets/shadow1.html]
[www.vasterad.com/themes/astrum/assets/shadow2.html]
[www.vasterad.com/themes/astrum/assets/shadow3.html]
[www.vasterad.com/themes/astrum/single-project.html]
[www.vasterad.com/themes/astrum/font/fontello0bee.svg]
[www.vasterad.com/themes/astrum/font/fontello0bee.svg]
