[preview.themeforest.net/item/superlist-directory-template/full_screen_preview/126236315158.html]
[backblue.gif]
[fade.gif]
[index.html]
[public-assets.envato-static.com/assets/market/core/index-9053762da6b2d4d3aa5e4cbfc07ad24a15a4547e7a4f57e03b173204e694bc0a.css]
[public-assets.envato-static.com/assets/market/pages/preview/index-004d35cdd5d555cdd3e956d1b916825642de06529f0fe91fd9f390813761d2fc.css]
[cookiebot-assets.envato-static.com/cookiebot.css]
[public-assets.envato-static.com/icons/themeforest.net/apple-touch-icon-72x72-precomposed.png]
[public-assets.envato-static.com/icons/themeforest.net/apple-touch-icon-114x114-precomposed.png]
[public-assets.envato-static.com/icons/themeforest.net/apple-touch-icon-144x144-precomposed.png]
[public-assets.envato-static.com/icons/themeforest.net/apple-touch-icon-precomposed.png]
[public-assets.envato-static.com/assets/market/pages/full_screen_preview/index-1cc9e02a5e4e48ac2ba5b45a45c05b32584f9580c2fa432bcd2e40dd0b2a2ec2.js]
[preview.byaviators.com/template/superlist/index.html]
[themeforest.net/item/superlist-directory-template/12623631.html]
[consent.cookiebot.com/uc.js]
[www.google-analytics.com/analytics.js]
[preview.themeforest.net/item/superlist-directory-template/full_screen_preview/126236315158.html]
[s3.envato.com/index.html]
[preview.themeforest.net/item/superlist-directory-template/full_screen_preview/&quot;http_/preview.byaviators.com/descriptions/superlist-html/descrip...html]
[public-assets.envato-static.com/assets/common/pagination_loader-7fb337642f4cde133550f90749ee6eeb94b0d56dce6ae041cacc18c2bae22699.gif]
[public-assets.envato-static.com/assets/market/core/index-9053762da6b2d4d3aa5e4cbfc07ad24a15a4547e7a4f57e03b173204e694bc0a.css]
[public-assets.envato-static.com/assets/market/pages/preview/index-004d35cdd5d555cdd3e956d1b916825642de06529f0fe91fd9f390813761d2fc.css]
[cookiebot-assets.envato-static.com/cookiebot.css]
[public-assets.envato-static.com/assets/market/pages/default/index-98e7c11735ca7ddd9f448ad5ebf2f0c221973509d8cd70a33049f332f21bb011.css]
[public-assets.envato-static.com/css/cookiebot.css]
[public-assets.envato-static.com/assets/market/core/head-df4183f2f1b84caa8ad6707c533e562f18a9eaae2b2e4d2081cf439c23343ad3.js]
[public-assets.envato-static.com/assets/common/transparent-1px-93ae7d494fad0fb30cbf3ae746a39c4bc7a0f8bbf87fbb587a3f3c01f3c5ce20.png]
[themeforest.net/item/superlist-directory-template/reviews/12623631.html]
[themeforest.net/item/superlist-directory-template/12623631/comments.html]
[themeforest.net/item/superlist-directory-template/12623631/support.html]
[s3.envato.com/files/197902384/thumbnail.png]
[preview.themeforest.net/item/superlist-directory-template/full_screen_preview/12623631.html]
[themeforest.img.customer.envatousercontent.com/files/197902387/previews/01_banner.__large_previewfb2a.jpg]
[public-assets.envato-static.com/assets/market/core/index-6ea62eca536ebb8e27eb2eed9cb47dd1e6db20404df12e88459947c305c95df5.js]
[public-assets.envato-static.com/assets/market/pages/default/index-89226a8bea335ec5dcb363957fe35bf486a6a6b8df3518116e25b7fa72fa37a3.js]
[public-assets.envato-static.com/assets/market/core/lazyload-5315ade2c4aa09869ae52bad5f4e45ea446b86d4365327a7d9ba005397379ac3.js]
[themeforest.net/item/superlist-directory-template/linkid.1f.delayed]
[themeforest.net/item/superlist-directory-template/12623631.html]
[preview.byaviators.com/template/superlist/assets/libraries/font-awesome/css/font-awesome.min.css]
[preview.byaviators.com/template/superlist/assets/libraries/owl.carousel/assets/owl.carousel.css]
[preview.byaviators.com/template/superlist/assets/libraries/colorbox/example1/colorbox.css]
[preview.byaviators.com/template/superlist/assets/libraries/bootstrap-select/bootstrap-select.min.css]
[preview.byaviators.com/template/superlist/assets/libraries/bootstrap-fileinput/fileinput.min.css]
[preview.byaviators.com/template/superlist/assets/css/superlist.css]
[preview.byaviators.com/template/superlist/index-2.html]
[preview.byaviators.com/template/superlist/assets/favicon.png]
[preview.byaviators.com/template/superlist/assets/img/logo-white.png]
[preview.byaviators.com/template/superlist/listing-submit.html]
[preview.byaviators.com/template/superlist/index-video.html]
[preview.byaviators.com/template/superlist/index-video-transparent-header.html]
[preview.byaviators.com/template/superlist/index-google-map.html]
[preview.byaviators.com/template/superlist/index-google-map-transparent-header.html]
[preview.byaviators.com/template/superlist/index-image.html]
[preview.byaviators.com/template/superlist/index-bootstrap-slider.html]
[preview.byaviators.com/template/superlist/listing-detail.html]
[preview.byaviators.com/template/superlist/listing-map.html]
[preview.byaviators.com/template/superlist/listing-grid.html]
[preview.byaviators.com/template/superlist/listing-grid-sidebar.html]
[preview.byaviators.com/template/superlist/listing-row.html]
[preview.byaviators.com/template/superlist/listing-row-sidebar.html]
[preview.byaviators.com/template/superlist/faq.html]
[preview.byaviators.com/template/superlist/invoice.html]
[preview.byaviators.com/template/superlist/pricing.html]
[preview.byaviators.com/template/superlist/grid.html]
[preview.byaviators.com/template/superlist/testimonials.html]
[preview.byaviators.com/template/superlist/user-profile-edit.html]
[preview.byaviators.com/template/superlist/login.html]
[preview.byaviators.com/template/superlist/register.html]
[preview.byaviators.com/template/superlist/change-password.html]
[preview.byaviators.com/template/superlist/sticky-footer.html]
[preview.byaviators.com/template/superlist/terms-conditions.html]
[preview.byaviators.com/template/superlist/error-403.html]
[preview.byaviators.com/template/superlist/error-404.html]
[preview.byaviators.com/template/superlist/error-500.html]
[preview.byaviators.com/template/superlist/blog-standard-right-sidebar.html]
[preview.byaviators.com/template/superlist/blog-standard-left-sidebar.html]
[preview.byaviators.com/template/superlist/blog-boxed.html]
[preview.byaviators.com/template/superlist/blog-condensed.html]
[preview.byaviators.com/template/superlist/blog-detail.html]
[preview.byaviators.com/template/superlist/blog-detail-right-sidebar.html]
[preview.byaviators.com/template/superlist/blog-detail-left-sidebar.html]
[preview.byaviators.com/template/superlist/admin-dashboard.html]
[preview.byaviators.com/template/superlist/admin-grid.html]
[preview.byaviators.com/template/superlist/admin-tables.html]
[preview.byaviators.com/template/superlist/admin-forms.html]
[preview.byaviators.com/template/superlist/admin-notifications.html]
[preview.byaviators.com/template/superlist/contact-1.html]
[preview.byaviators.com/template/superlist/contact-2.html]
[preview.byaviators.com/template/superlist/contact-3.html]
[preview.byaviators.com/template/superlist/assets/img/tmp/partner-2.jpg]
[preview.byaviators.com/template/superlist/assets/img/tmp/partner-1.jpg]
[preview.byaviators.com/template/superlist/assets/img/tmp/partner-4.jpg]
[preview.byaviators.com/template/superlist/assets/img/tmp/partner-3.jpg]
[preview.byaviators.com/template/superlist/assets/img/tmp/product-2.jpg]
[preview.byaviators.com/template/superlist/assets/img/tmp/partner-5.jpg]
[preview.byaviators.com/template/superlist/assets/img/tmp/product-3.jpg]
[preview.byaviators.com/template/superlist/assets/img/tmp/product-6.jpg]
[preview.byaviators.com/template/superlist/assets/img/tmp/product-4.jpg]
[preview.byaviators.com/template/superlist/assets/img/tmp/product-8.jpg]
[preview.byaviators.com/template/superlist/assets/img/tmp/product-10.jpg]
[preview.byaviators.com/template/superlist/assets/img/tmp/agent-1.jpg]
[preview.byaviators.com/template/superlist/assets/img/tmp/product-7.jpg]
[preview.byaviators.com/template/superlist/assets/img/tmp/agent-3.jpg]
[preview.byaviators.com/template/superlist/assets/img/tmp/agent-2.jpg]
[preview.byaviators.com/template/superlist/assets/img/tmp/agent-4.jpg]
[preview.byaviators.com/template/superlist/assets/img/tmp/agent-5.jpg]
[preview.byaviators.com/template/superlist/assets/js/map.js]
[preview.byaviators.com/template/superlist/assets/libraries/bootstrap-sass/javascripts/bootstrap/collapse.js]
[preview.byaviators.com/template/superlist/assets/libraries/bootstrap-sass/javascripts/bootstrap/carousel.js]
[preview.byaviators.com/template/superlist/assets/js/jquery.js]
[preview.byaviators.com/template/superlist/assets/libraries/bootstrap-sass/javascripts/bootstrap/transition.js]
[preview.byaviators.com/template/superlist/assets/libraries/bootstrap-sass/javascripts/bootstrap/dropdown.js]
[preview.byaviators.com/template/superlist/assets/libraries/bootstrap-sass/javascripts/bootstrap/tab.js]
[preview.byaviators.com/template/superlist/assets/libraries/bootstrap-sass/javascripts/bootstrap/tooltip.js]
[preview.byaviators.com/template/superlist/assets/libraries/bootstrap-sass/javascripts/bootstrap/alert.js]
[preview.byaviators.com/template/superlist/assets/img/tmp/product-1.jpg]
[preview.byaviators.com/template/superlist/assets/libraries/colorbox/jquery.colorbox-min.js]
[preview.byaviators.com/template/superlist/assets/libraries/flot/jquery.flot.spline.js]
[preview.byaviators.com/template/superlist/assets/libraries/flot/jquery.flot.min.js]
[preview.byaviators.com/template/superlist/assets/libraries/jquery-google-map/infobox.js]
[preview.byaviators.com/template/superlist/assets/libraries/bootstrap-select/bootstrap-select.min.js]
[preview.byaviators.com/template/superlist/assets/libraries/jquery-google-map/jquery-google-map.js]
[preview.byaviators.com/template/superlist/assets/libraries/jquery-google-map/markerclusterer.js]
[preview.byaviators.com/template/superlist/assets/js/superlist.js]
[preview.byaviators.com/template/superlist/index.html]
[preview.themeforest.net/item/superlist-directory-template/full_screen_preview/linkid.html]
[www.googletagmanager.com/gtm5445.html]
[preview.byaviators.com/template/superlist/assets/libraries/owl.carousel/owl.carousel.js]
[preview.byaviators.com/template/superlist/assets/libraries/bootstrap-fileinput/fileinput.min.js]
[preview.byaviators.com/template/superlist/assets/img/tmp/slider-large-3.jpg]
[public-assets.envato-static.com/assets/homepage_banner-5fd7aa3d7595431c2a83cc50e8d74606f21e3679d7d1d49c64311ffe080dbb82.jpg]
[public-assets.envato-static.com/assets/market/pages/default/index-98e7c11735ca7ddd9f448ad5ebf2f0c221973509d8cd70a33049f332f21bb011.css]
[public-assets.envato-static.com/css/cookiebot.css]
[themeforest.net/item/superlist-directory-template/reviews/126236314658.html]
[public-assets.envato-static.com/assets/header-footer/cross-sell__elements-33380831a942a766c3fdd66d33d77435106b10749edfe92591bf779e2dad478d.jpg]
[public-assets.envato-static.com/assets/header-footer/cross-sell__placeit-8022877c3f85406403899b8224866ef956ebf43b5036945a8faab77a01eb5f90.jpg]
[public-assets.envato-static.com/assets/header-footer/cross-sell__studio-cea5f47ba6cb30d4be16906c50b3d233125827f51efd0057098e296142e01e37.jpg]
[themeforest.net/item/superlist-directory-template/reviews/linkid.81.delayed]
[themeforest.net/item/superlist-directory-template/reviews/12623631.html]
[themeforest.net/item/superlist-directory-template/12623631/commentsce37.html]
[public-assets.envato-static.com/assets/common/icons-buttons/default-user-2962fd43ee315eafee8bfc08f02fee84687beb0499de44e5ab2873399944b0fe.jpg]
[themeforest.net/item/superlist-directory-template/12623631/comments2679.html]
[themeforest.net/item/superlist-directory-template/12623631/comments0b08.html]
[themeforest.net/item/superlist-directory-template/12623631/comments1448.html]
[themeforest.net/item/superlist-directory-template/12623631/comments1c8b.html]
[themeforest.net/item/superlist-directory-template/12623631/linkid.js]
[themeforest.net/item/superlist-directory-template/12623631/comments.html]
[themeforest.net/item/superlist-directory-template/12623631/support.html]
[preview.themeforest.net/item/superlist-directory-template/full_screen_preview/12623631.html]
[themeforest.net/item/superlist-directory-template/linkid.js]
[preview.byaviators.com/template/superlist/assets/libraries/font-awesome/fonts/fontawesome-webfont93e3.woff2]
[preview.byaviators.com/template/superlist/assets/libraries/font-awesome/fonts/fontawesome-webfont93e3.woff]
[preview.byaviators.com/template/superlist/assets/libraries/font-awesome/fonts/fontawesome-webfont93e3.ttf]
[preview.byaviators.com/template/superlist/assets/libraries/font-awesome/css/font-awesome.min.css]
[preview.byaviators.com/template/superlist/assets/libraries/owl.carousel/assets/owl.carousel.css]
[preview.byaviators.com/template/superlist/assets/libraries/colorbox/example1/images/overlay.png]
[preview.byaviators.com/template/superlist/assets/libraries/font-awesome/fonts/fontawesome-webfont93e3.svg]
[preview.byaviators.com/template/superlist/assets/libraries/colorbox/example1/images/controls.png]
[preview.byaviators.com/template/superlist/assets/libraries/colorbox/example1/images/border.png]
[preview.byaviators.com/template/superlist/assets/libraries/colorbox/example1/images/loading_background.png]
[preview.byaviators.com/template/superlist/assets/libraries/colorbox/example1/images/loading.gif]
[preview.byaviators.com/template/superlist/assets/libraries/colorbox/example1/colorbox.css]
[preview.byaviators.com/template/superlist/assets/libraries/bootstrap-select/bootstrap-select.min.css]
[preview.byaviators.com/template/superlist/assets/libraries/bootstrap-fileinput/fileinput.min.css]
[preview.byaviators.com/template/superlist/assets/libraries/bootstrap-sass/fonts/bootstrap/glyphicons-halflings-regular.eot]
[preview.byaviators.com/template/superlist/assets/libraries/bootstrap-sass/fonts/bootstrap/glyphicons-halflings-regular.woff2]
[preview.byaviators.com/template/superlist/assets/libraries/bootstrap-sass/fonts/bootstrap/glyphicons-halflings-regular.woff]
[preview.byaviators.com/template/superlist/assets/libraries/bootstrap-sass/fonts/bootstrap/glyphicons-halflings-regulard41d.eot]
[preview.byaviators.com/template/superlist/assets/libraries/bootstrap-sass/fonts/bootstrap/glyphicons-halflings-regular.svg]
[preview.byaviators.com/template/superlist/assets/css/superlist.css]
[preview.byaviators.com/template/superlist/index-2.html]
[preview.byaviators.com/template/superlist/listing-submit.html]
[preview.byaviators.com/template/superlist/assets/img/tmp/video.mp4]
[preview.byaviators.com/template/superlist/assets/img/logo.png]
[preview.byaviators.com/template/superlist/index-video.html]
[preview.byaviators.com/template/superlist/index-video-transparent-header.html]
[preview.byaviators.com/template/superlist/index-google-map.html]
[preview.byaviators.com/template/superlist/index-google-map-transparent-header.html]
[preview.byaviators.com/template/superlist/index-image.html]
[preview.byaviators.com/template/superlist/assets/img/tmp/slider-2.jpg]
[preview.byaviators.com/template/superlist/assets/img/tmp/bg-transparent.jpg]
[preview.byaviators.com/template/superlist/index-bootstrap-slider.html]
[preview.byaviators.com/template/superlist/assets/img/tmp/slider-1.jpg]
[preview.byaviators.com/template/superlist/assets/img/tmp/slider-3.jpg]
[preview.byaviators.com/template/superlist/assets/img/tmp/gallery-3.jpg]
[preview.byaviators.com/template/superlist/assets/img/tmp/gallery-1.jpg]
[preview.byaviators.com/template/superlist/assets/img/tmp/gallery-4.jpg]
[preview.byaviators.com/template/superlist/assets/img/tmp/gallery-5.jpg]
[preview.byaviators.com/template/superlist/assets/img/tmp/gallery-6.jpg]
[preview.byaviators.com/template/superlist/assets/img/tmp/detail-banner-1.jpg]
[preview.byaviators.com/template/superlist/assets/img/transparent-marker-image.png]
[preview.byaviators.com/template/superlist/assets/img/tmp/pragmaticmates-logo.png]
[preview.byaviators.com/template/superlist/listing-detail.html]
[preview.byaviators.com/template/superlist/assets/img/tmp/gallery-8.jpg]
[preview.byaviators.com/template/superlist/assets/img/tmp/product-11.jpg]
[preview.byaviators.com/template/superlist/listing-map.html]
[preview.byaviators.com/template/superlist/listing-grid.html]
[preview.byaviators.com/template/superlist/listing-grid-sidebar.html]
[preview.byaviators.com/template/superlist/listing-row.html]
[preview.byaviators.com/template/superlist/listing-row-sidebar.html]
[preview.byaviators.com/template/superlist/faq.html]
[preview.byaviators.com/template/superlist/invoice.html]
[preview.byaviators.com/template/superlist/pricing.html]
[preview.byaviators.com/template/superlist/grid.html]
[preview.byaviators.com/template/superlist/testimonials.html]
[preview.byaviators.com/template/superlist/user-profile-edit.html]
[preview.byaviators.com/template/superlist/login.html]
[preview.byaviators.com/template/superlist/register.html]
[preview.byaviators.com/template/superlist/change-password.html]
[preview.byaviators.com/template/superlist/sticky-footer.html]
[preview.byaviators.com/template/superlist/terms-conditions.html]
[preview.byaviators.com/template/superlist/error-403.html]
[preview.byaviators.com/template/superlist/error-404.html]
[preview.byaviators.com/template/superlist/error-500.html]
[preview.byaviators.com/template/superlist/blog-standard-right-sidebar.html]
[preview.byaviators.com/template/superlist/blog-standard-left-sidebar.html]
[preview.byaviators.com/template/superlist/blog-boxed.html]
[preview.byaviators.com/template/superlist/blog-condensed.html]
[preview.byaviators.com/template/superlist/assets/img/tmp/product-12.jpg]
[preview.byaviators.com/template/superlist/blog-detail.html]
[preview.byaviators.com/template/superlist/blog-detail-right-sidebar.html]
[preview.byaviators.com/template/superlist/blog-detail-left-sidebar.html]
[preview.byaviators.com/template/superlist/admin-dashboard.html]
[preview.byaviators.com/template/superlist/admin-grid.html]
[preview.byaviators.com/template/superlist/admin-tables.html]
[preview.byaviators.com/template/superlist/admin-forms.html]
[preview.byaviators.com/template/superlist/admin-notifications.html]
[preview.byaviators.com/template/superlist/contact-1.html]
[preview.byaviators.com/template/superlist/contact-2.html]
[preview.byaviators.com/template/superlist/contact-3.html]
[preview.byaviators.com/template/superlist/assets/img/tmp/gallery-7.jpg]
[preview.byaviators.com/template/superlist/assets/img/tmp/product-5.jpg]
[public-assets.envato-static.com/assets/market/pages/images/down.png]
[preview.byaviators.com/template/superlist/assets/img/tmp/blog-1.jpg]
[themeforest.net/item/superlist-directory-template/reviews/126236314658.html]
[themeforest.net/item/superlist-directory-template/reviews/linkid.js]
[themeforest.net/item/superlist-directory-template/reviews/126236312679.html]
[preview.byaviators.com/template/superlist/assets/img/tmp/product-9.jpg]
[themeforest.net/images/smileys/wink.png]
[themeforest.net/item/superlist-directory-template/12623631/commentsce37.html]
[preview.themeforest.net/item/superlist-directory-template/full_screen_preview/12623631db69.html]
[themeforest.net/images/smileys/happy.png]
[themeforest.net/item/superlist-directory-template/12623631/comments8c93.html]
[themeforest.net/item/superlist-directory-template/12623631/comments4658.html]
[themeforest.net/item/superlist-directory-template/12623631/comments9ba9.html]
[themeforest.net/item/superlist-directory-template/12623631/comments2679.html]
[themeforest.net/item/superlist-directory-template/12623631/commentsfdb0.html]
[themeforest.net/item/superlist-directory-template/12623631/commentsaf4d.html]
[themeforest.net/item/superlist-directory-template/12623631/commentsfdfa.html]
[themeforest.net/item/superlist-directory-template/12623631/comments0b08.html]
[themeforest.net/item/superlist-directory-template/126236318935.html]
[themeforest.net/item/superlist-directory-template/12623631/comments1448.html]
[themeforest.net/item/superlist-directory-template/12623631/comments1c8b.html]
[themeforest.net/item/superlist-directory-template/12623631/linkid.js]
[preview.themeforest.net/item/superlist-directory-template/full_screen_preview/12623631724e.html]
[preview.byaviators.com/template/superlist/assets/libraries/font-awesome/fonts/fontawesome-webfont93e3.eot]
[preview.byaviators.com/template/superlist/assets/libraries/font-awesome/fonts/fontawesome-webfontd41d.eot]
[themeforest.net/item/superlist-directory-template/12623631/comments235c.html]
[preview.byaviators.com/template/superlist/assets/libraries/font-awesome/fonts/fontawesome-webfont93e3.svg]
[preview.byaviators.com/template/superlist/assets/libraries/owl.carousel/assets/owl.video.play.html]
[preview.byaviators.com/template/superlist/assets/libraries/img/loading.html]
[preview.byaviators.com/template/superlist/assets/libraries/img/loading-sm.html]
[preview.byaviators.com/template/superlist/assets/libraries/bootstrap-sass/fonts/bootstrap/glyphicons-halflings-regular.ttf]
[preview.byaviators.com/template/superlist/assets/libraries/bootstrap-sass/fonts/bootstrap/glyphicons-halflings-regular.svg]
[themeforest.net/item/superlist-directory-template/reviews/126236312679.html]
[themeforest.net/item/superlist-directory-template/12623631/comments8c93.html]
[preview.themeforest.net/item/superlist-directory-template/full_screen_preview/12623631db69.html]
[themeforest.net/item/superlist-directory-template/12623631/comments4658.html]
[themeforest.net/images/smileys/grin.png]
[codingcoast.cc/superlist_bug.be.delayed]
[codingcoast.cc/superlist_bug.bf.delayed]
[preview.byaviators.com/template/superlist/assets/img/tmp/gallery-2.jpg]
[www.codingcoast.cc/superlist_bug.c0.delayed]
[themeforest.net/item/superlist-directory-template/12623631/comments9ba9.html]
[themeforest.net/item/superlist-directory-template/full_screen_preview/12623631).c2.delayed]
[themeforest.net/item/superlist-directory-template/12623631/commentsfdb0.html]
[themeforest.net/item/superlist-directory-template/12623631/commentsaf4d.html]
[themeforest.net/item/superlist-directory-template/12623631/commentsc575.html]
[www.dropbox.com/s/2afsp5l3yyokjuo/ERRORec75.html]
[www.dropbox.com/s/xibl45csf5263mm/next-preec75.html]
[themeforest.net/item/superlist-directory-template/12623631/blog-boxed.html]
[themeforest.net/item/superlist-directory-template/12623631/commentsfdfa.html]
[themeforest.net/item/superlist-directory-template/126236318935.html]
[themeforest.net/item/superlist-directory-template/12623631/themeforest.net/item/superlist-directory-wordpress-theme/13507181]
[themeforest.net/item/superlist-directory-template/12623631/comments235c.html]
[preview.themeforest.net/item/superlist-directory-template/full_screen_preview/12623631724e.html]
[www.codingcoast.cc/superlist_bug.html]
[themeforest.net/item/superlist-directory-template/full_screen_preview/12623631).html]
[rwandaguide.info/Screen Shot 2016-01-03 at 12.22.21.html]
[themeforest.net/item/superlist-directory-template/12623631/commentsc575.html]
[www.dropbox.com/s/2afsp5l3yyokjuo/cfl.dropboxstatic.html]
[cfl.dropboxstatic.com/static/compiled/js/alameda_bundle/alameda_bundle_ie-vflf48IEW.js]
[cfl.dropboxstatic.com/static/images/icons/ajax-loading-small-blue@2x-vfl14X6Ll.gif]
[cfl.dropboxstatic.com/static/css/main-vfleOW-nE.css]
[cfl.dropboxstatic.com/static/images/logo_catalog/dropbox_webclip_60_m1.png]
[cfl.dropboxstatic.com/static/images/logo_catalog/dropbox_webclip_76_m1.png]
[cfl.dropboxstatic.com/static/images/logo_catalog/dropbox_webclip_120_m1.png]
[cfl.dropboxstatic.com/static/images/logo_catalog/dropbox_webclip_152_m1.png]
[cfl.dropboxstatic.com/static/css/preview_flexbox_layout-vflNFyVwu.css]
[cfl.dropboxstatic.com/static/css/file_preview-vflw10qvT.css]
[cfl.dropboxstatic.com/static/css/dropbox/2015/pages/index-vfleZ82qG.css]
[cfl.dropboxstatic.com/static/css/sprites/web_sprites-vflv2MHAO.css]
[cfl.dropboxstatic.com/static/css/recaptcha_v2_challenge-vfl5GXpO2.css]
[cfl.dropboxstatic.com/static/css/components/login_form-vflGpe7WE.css]
[cfl.dropboxstatic.com/static/css/components/button-vflzsghBU.css]
[cfl.dropboxstatic.com/static/css/spectrum/index.web-vfl_-DzRS.css]
[cfl.dropboxstatic.com/static/css/shmodel-vfl6ouijI.css]
[cfl.dropboxstatic.com/static/css/freshbutton-vfljBxVBe.css]
[cfl.dropboxstatic.com/static/css/components/exp_cards-vfl7SGVTx.css]
[cfl.dropboxstatic.com/static/css/login_or_register-vflZ9ry5P.css]
[cfl.dropboxstatic.com/static/css/maestro_layout-vflTIkf8F.css]
[cfl.dropboxstatic.com/static/css/accessibility-vfliGZNRm.css]
[cfl.dropboxstatic.com/static/css/legacy_packages/components-vfl4d17yY.css]
[cfl.dropboxstatic.com/static/css/recaptcha_challenge-vflrcf67y.css]
[www.dropbox.com/s/2afsp5l3yyokjuo/ERRORec75.html]
[cfl.dropboxstatic.com/static/css/dropbox/2015/layout-vflvc3veE.css]
[www.dropbox.com/s/xibl45csf5263mm/next-preec75.html]
[themeforest.net/item/superlist-directory-template/12623631/blog-boxed.html]
[themeforest.net/item/superlist-directory-template/12623631/themeforest.net/item/superlist-directory-wordpress-theme/13507181.html]
[www.dropbox.com/s/xibl45csf5263mm/cfl.dropboxstatic.html]
[www.dropbox.com/s/2afsp5l3yyokjuo/cfl.dropboxstatic.html]
[cfl.dropboxstatic.com/static/images/earthrisechopped-vflv6G6su.jpg]
[cfl.dropboxstatic.com/static/images/x-small-inactive-vflYKfRuL.png]
[cfl.dropboxstatic.com/static/images/x-small-active-vflYKfRuL.png]
[cfl.dropboxstatic.com/static/images/x-small-pressed-vflYKfRuL.png]
[cfl.dropboxstatic.com/static/images/tokens/token-vflrppjFm.png]
[cfl.dropboxstatic.com/static/images/tokens/token_hover-vflBO4qD1.png]
[cfl.dropboxstatic.com/static/images/tokens/token_close-vflQfmPVE.png]
[cfl.dropboxstatic.com/static/images/tokens/er_token-vflniwpEy.png]
[cfl.dropboxstatic.com/static/images/tokens/er_token_hover-vflXal_JN.png]
[cfl.dropboxstatic.com/static/images/tokens/er_token_close-vflw-1uHD.png]
[cfl.dropboxstatic.com/static/images/tokens/w_token-vfl9rjynV.png]
[cfl.dropboxstatic.com/static/images/tokens/w_token_hover-vflTRtwW6.png]
[cfl.dropboxstatic.com/static/images/tokens/w_token_close-vfl57bsSl.png]
[cfl.dropboxstatic.com/static/images/tokens/token_selected-vfl6BDgcp.png]
[cfl.dropboxstatic.com/static/images/tokens/er_token_selected-vflutxYy5.png]
[cfl.dropboxstatic.com/static/images/tokens/w_token_selected-vflbeHi5X.png]
[cfl.dropboxstatic.com/static/images/dots-vflPwuWRn.gif]
[cfl.dropboxstatic.com/static/images/skinny_dots-vfldI7ERm.gif]
[cfl.dropboxstatic.com/static/images/icons/lquote-vfleLEP9D.png]
[cfl.dropboxstatic.com/static/images/icons/rquote-vfl_1CBoV.png]
[cfl.dropboxstatic.com/static/images/download_button-vflSjG2SU.png]
[cfl.dropboxstatic.com/static/images/icons/bullet_blue-vfleICrKj.gif]
[cfl.dropboxstatic.com/static/images/bubble_tl-vfl6cABbS.png]
[cfl.dropboxstatic.com/static/images/bubble_tr-vflrB536R.png]
[cfl.dropboxstatic.com/static/images/bubble_bl-vflMdxQ1O.png]
[cfl.dropboxstatic.com/static/images/bubble_br-vflU2zuvO.png]
[cfl.dropboxstatic.com/static/images/bubble_t-vflgeQa3q.png]
[cfl.dropboxstatic.com/static/images/bubble_b-vflhe-s45.png]
[cfl.dropboxstatic.com/static/images/bubble_l-vflk7FP1Z.png]
[cfl.dropboxstatic.com/static/images/bubble_r-vfljSgzWm.png]
[cfl.dropboxstatic.com/static/images/bluebubble_tl-vfl4G9bEE.png]
[cfl.dropboxstatic.com/static/images/bluebubble_tr-vfllJ3ZZm.png]
[cfl.dropboxstatic.com/static/images/bluebubble_bl-vflYN_4x3.png]
[cfl.dropboxstatic.com/static/images/bluebubble_br-vflqKajGM.png]
[cfl.dropboxstatic.com/static/images/bluebubble_t-vfli9iy8c.png]
[cfl.dropboxstatic.com/static/images/bluebubble_b-vflH9LDZ4.png]
[cfl.dropboxstatic.com/static/images/bluebubble_l-vfljhAD5k.png]
[cfl.dropboxstatic.com/static/images/bluebubble_r-vfllrpFJa.png]
[cfl.dropboxstatic.com/static/images/white_pixel-vfltEkXBV.gif]
[cfl.dropboxstatic.com/static/images/shadow_gradient-vfllopsMq.gif]
[cfl.dropboxstatic.com/static/images/dropboxlove-vflc5oKID.gif]
[cfl.dropboxstatic.com/static/images/arrows-vfldd2t3Y.gif]
[cfl.dropboxstatic.com/static/images/icons/big-dropdown-gray-vflRwG4rA.gif]
[cfl.dropboxstatic.com/static/images/cta_bg-vflM6j2h6.png]
[cfl.dropboxstatic.com/static/css/main-vfleOW-nE.css]
[cfl.dropboxstatic.com/static/css/preview_flexbox_layout-vflNFyVwu.css]
[cfl.dropboxstatic.com/static/css/file_preview-vflw10qvT.css]
[cfl.dropboxstatic.com/static/css/dropbox/2015/pages/index-vfleZ82qG.css]
[cfl.dropboxstatic.com/static/images/sprites/web_sprites-vflT1pLW1.png]
[cfl.dropboxstatic.com/static/images/sprites/web_2x_sprites-vflN8VDFL.png]
[cfl.dropboxstatic.com/static/css/sprites/web_sprites-vflv2MHAO.css]
[cfl.dropboxstatic.com/static/css/recaptcha_v2_challenge-vfl5GXpO2.css]
[cfl.dropboxstatic.com/static/css/components/login_form-vflGpe7WE.css]
[cfl.dropboxstatic.com/static/css/components/button-vflzsghBU.css]
[cfl.dropboxstatic.com/static/css/spectrum/index.web-vfl_-DzRS.css]
[cfl.dropboxstatic.com/static/images/contentflag-vfl6np-Y7.png]
[cfl.dropboxstatic.com/static/css/shmodel-vfl6ouijI.css]
[cfl.dropboxstatic.com/static/css/freshbutton-vfljBxVBe.css]
[cfl.dropboxstatic.com/static/css/components/exp_cards-vfl7SGVTx.css]
[cfl.dropboxstatic.com/static/css/login_or_register-vflZ9ry5P.css]
[cfl.dropboxstatic.com/static/css/maestro_layout-vflTIkf8F.css]
[cfl.dropboxstatic.com/static/css/accessibility-vfliGZNRm.css]
[cfl.dropboxstatic.com/static/images/widgets/icon-checkmark-status-vflO6wwEL.png]
[cfl.dropboxstatic.com/static/images/browse/checkmark@2x-vflrHtbPf.png]
[cfl.dropboxstatic.com/static/images/icons/icon_caps_lock-vflQIxpDA.png]
[cfl.dropboxstatic.com/static/images/icons/icon_caps_lock@2x-vflz_EymR.png]
[cfl.dropboxstatic.com/static/images/icons/ajax-loading-small@2x-vflAxdZTP.gif]
[cfl.dropboxstatic.com/static/css/legacy_packages/components-vfl4d17yY.css]
[cfl.dropboxstatic.com/static/css/recaptcha_challenge-vflrcf67y.css]
[cfl.dropboxstatic.com/static/css/dropbox/2015/layout-vflvc3veE.css]
[www.dropbox.com/s/xibl45csf5263mm/cfl.dropboxstatic.html]
